43e00000 T _start
43e00020 t _undefined_instruction
43e00024 t _software_interrupt
43e00028 t _prefetch_abort
43e0002c t _data_abort
43e00030 t _not_used
43e00034 t _irq
43e00038 t _fiq
43e0003c t _pad
43e00040 T _TEXT_BASE
43e00040 T _end_vect
43e00044 T _bss_start_ofs
43e00048 T _bss_end_ofs
43e0004c T IRQ_STACK_START_IN
43e00050 t reset
43e00064 t call_board_init_f
43e00074 T relocate_code
43e00080 t stack_setup
43e000a0 t copy_loop
43e000d0 t fixloop
43e000f4 t fixabs
43e00108 t fixrel
43e00110 t fixnext
43e00120 t clear_bss
43e0013c t clbss_l
43e0014c t jump_2_ram
43e00164 t _board_init_r_ofs
43e00168 t _rel_dyn_start_ofs
43e0016c t _rel_dyn_end_ofs
43e00170 t _dynsym_start_ofs
43e00174 t cpu_init_crit
43e001c0 t undefined_instruction
43e00220 t software_interrupt
43e00280 t prefetch_abort
43e002e0 t data_abort
43e00340 t not_used
43e003a0 t irq
43e00400 t fiq
43e00460 t _TEXT_BASE
43e00464 T cache_init
43e00468 T lowlevel_init
43e00508 t v310_1
43e00518 t after_copy
43e00564 t _board_init_f
43e00568 t _second_boot_info
43e0056c t wakeup_reset
43e005c4 t skip_dmc
43e005e0 t wake_v310
43e005ec t exit_wakeup
43e00600 t read_om
43e00648 t mem_ctrl_asm_init
43e00670 T uart_asm_init
43e006dc t load_uboot
43e0071c t nand_boot
43e00728 t onenand_boot
43e00730 t mmcsd_boot
43e0074c t emmc_boot
43e00754 t emmc_boot_4_4
43e0078c t nor_boot
43e00790 t check_om_setting
43e00794 t onenandcon_init
43e00794 t wait_orwb
43e007cc t tzpc_init
43e0085c t mmc_ch4_devider_change
43e00880 T nand_asm_init
43e009cc T mem_ctrl_asm_init_r0
43e00d1c T mem_ctrl_asm_init_r1
43e00fbc T mem_ctrl_asm_init_r2
43e01248 T system_clock_init
43e01384 t skip_mpll
43e014b4 T board_get_hwrev
43e014c4 T board_init
43e015cc T dram_init
43e015d4 T dram_init_banksize
43e016dc T board_eth_init
43e016e4 T checkboard
43e01704 T board_late_init
43e0170c T board_mmc_init
43e0174c T Delay
43e01750 T IIC0_SCLH_SDAH
43e01770 T IIC0_SCLH_SDAL
43e01790 T IIC0_SCLL_SDAH
43e017b0 T IIC0_SCLL_SDAL
43e017d0 T IIC1_SCLH_SDAH
43e017f0 T IIC1_SCLH_SDAL
43e01810 T IIC1_SCLL_SDAH
43e01830 T IIC1_SCLL_SDAL
43e01850 T IIC3_SCLH_SDAH
43e01870 T IIC3_SCLH_SDAL
43e01890 T IIC3_SCLL_SDAH
43e018b0 T IIC3_SCLL_SDAL
43e018d0 T IIC0_ELow
43e018e8 T IIC0_EHigh
43e01900 T IIC1_ELow
43e01918 T IIC1_EHigh
43e01930 T IIC3_ELow
43e01948 T IIC3_EHigh
43e01960 T IIC0_EStart
43e01974 T IIC0_EEnd
43e01988 T IIC0_EAck_write
43e019e0 T IIC0_EAck_read
43e01a40 T IIC1_EStart
43e01a54 T IIC1_EEnd
43e01a68 T IIC1_EAck
43e01ac0 T IIC3_EStart
43e01ad4 T IIC3_EEnd
43e01ae8 T IIC3_EAck
43e01b40 T IIC0_ESetport
43e01b8c T IIC1_ESetport
43e01bd8 T IIC3_ESetport
43e01c24 T IIC0_EWrite
43e01cbc T IIC0_ERead
43e01dd4 T IIC1_EWrite
43e01e6c T IIC3_EWrite
43e01f04 T movi_uboot_copy
43e01f2c T usb_device_copy
43e01f44 T emmc_uboot_copy
43e01f68 T emmc_4_4_uboot_copy
43e01f8c T emmc_4_4_endbootOp_eMMC
43e01fa4 T movi_write_env
43e01fc0 T movi_read_env
43e01fdc T movi_write_bl1
43e0202c T copy_uboot_to_ram
43e020fc T onenand_readw
43e02104 T onenand_writew
43e0210c T onenand_loadpage
43e02144 T onenand_isbad
43e0216c T onenand_readpage
43e021a4 T onenand_bl2_copy
43e02200 T reset_cpu
43e02234 t GPIO_SetFunctionEach.clone.0
43e02264 T GPIO_Init
43e02278 T GPIO_SetFunctionEach
43e022a8 T GPIO_SetFunctionAll
43e022c0 T GPIO_SetDataEach
43e022f0 T GPIO_SetDataAll
43e0230c T GPIO_GetDataEach
43e02330 T GPIO_GetDataAll
43e0234c T GPIO_SetPullUpDownEach
43e02380 T GPIO_SetPullUpDownAll
43e0239c T ETC_SetPullUpDownEach
43e023cc T ETC_SetPullUpDownAll
43e023e4 T GPIO_SetDSEach
43e02418 T GPIO_SetDSAll
43e02444 T GPIO_SetConRegPDNAll
43e02460 T GPIO_SetPullUDPDNAll
43e0247c T GPIO_SetEint1
43e02578 T GPIO_EINT1ClrPend
43e0259c T GPIO_EINT1UnMask
43e025c4 T GPIO_EINT1Mask
43e025f4 T GPIO_SetEint2
43e026fc T GPIO_EINT2ClrPend
43e02720 T GPIO_EINT2UnMask
43e02748 T GPIO_EINT2Mask
43e02778 T GPIO_SetEint3
43e02880 T GPIO_EINT3ClrPend
43e028a4 T GPIO_EINT3UnMask
43e028cc T GPIO_EINT3Mask
43e028fc T GPIO_SetEint4
43e029e4 T GPIO_EINT4ClrPend
43e02a08 T GPIO_EINT4UnMask
43e02a30 T GPIO_EINT4Mask
43e02a60 T GPIO_SetEint5
43e02b48 T GPIO_EINT5ClrPend
43e02b6c T GPIO_EINT5UnMask
43e02b94 T GPIO_EINT5Mask
43e02bc4 T GPIO_SetEint6
43e02c80 T GPIO_EINT6ClrPend
43e02ca4 T GPIO_EINT6UnMask
43e02ccc T GPIO_EINT6Mask
43e02cfc T GPIO_SetEint7
43e02db8 T GPIO_EINT7ClrPend
43e02ddc T GPIO_EINT7UnMask
43e02e04 T GPIO_EINT7Mask
43e02e34 T GPIO_SetEint8
43e02f1c T GPIO_EINT8ClrPend
43e02f40 T GPIO_EINT8UnMask
43e02f68 T GPIO_EINT8Mask
43e02f98 T GPIO_SetEint9
43e030a0 T GPIO_EINT9ClrPend
43e030c4 T GPIO_EINT9UnMask
43e030ec T GPIO_EINT9Mask
43e0311c T GPIO_SetEint10
43e03224 T GPIO_EINT10ClrPend
43e03248 T GPIO_EINT10UnMask
43e03270 T GPIO_EINT10Mask
43e032a0 T GPIO_SetEint11
43e033a8 T GPIO_EINT11ClrPend
43e033cc T GPIO_EINT11UnMask
43e033f4 T GPIO_EINT11Mask
43e03424 T GPIO_SetEint12
43e0352c T GPIO_EINT12ClrPend
43e03550 T GPIO_EINT12UnMask
43e03578 T GPIO_EINT12Mask
43e035a8 T GPIO_SetEint13
43e036b0 T GPIO_EINT13ClrPend
43e036d4 T GPIO_EINT13UnMask
43e036fc T GPIO_EINT13Mask
43e0372c T GPIO_SetEint14
43e03834 T GPIO_EINT14ClrPend
43e03858 T GPIO_EINT14UnMask
43e03880 T GPIO_EINT14Mask
43e038b0 T GPIO_SetEint15
43e039b8 T GPIO_EINT15ClrPend
43e039dc T GPIO_EINT15UnMask
43e03a04 T GPIO_EINT15Mask
43e03a34 T GPIO_SetEint16
43e03b3c T GPIO_EINT16ClrPend
43e03b60 T GPIO_EINT16UnMask
43e03b88 T GPIO_EINT16Mask
43e03bb8 T GPIO_SetEint21
43e03ca4 T GPIO_EINT21ClrPend
43e03cc0 T GPIO_EINT21UnMask
43e03ce0 T GPIO_EINT21Mask
43e03d08 T GPIO_SetEint22
43e03dd4 T GPIO_EINT22ClrPend
43e03df0 T GPIO_EINT22UnMask
43e03e10 T GPIO_EINT22Mask
43e03e38 T GPIO_SetEint23
43e03f24 T GPIO_EINT23ClrPend
43e03f40 T GPIO_EINT23UnMask
43e03f60 T GPIO_EINT23Mask
43e03f88 T GPIO_SetEint24
43e04074 T GPIO_EINT24ClrPend
43e04090 T GPIO_EINT24UnMask
43e040b0 T GPIO_EINT24Mask
43e040d8 T GPIO_SetEint25
43e041c4 T GPIO_EINT25ClrPend
43e041e0 T GPIO_EINT25UnMask
43e04200 T GPIO_EINT25Mask
43e04228 T GPIO_SetEint26
43e04314 T GPIO_EINT26ClrPend
43e04330 T GPIO_EINT26UnMask
43e04350 T GPIO_EINT26Mask
43e04378 T GPIO_SetEint27
43e04464 T GPIO_EINT27ClrPend
43e04480 T GPIO_EINT27UnMask
43e044a0 T GPIO_EINT27Mask
43e044c8 T GPIO_SetEint28
43e04570 T GPIO_EINT28ClrPend
43e0458c T GPIO_EINT28UnMask
43e045ac T GPIO_EINT28Mask
43e045d4 T GPIO_SetEint29
43e046c0 T GPIO_EINT29ClrPend
43e046dc T GPIO_EINT29UnMask
43e046fc T GPIO_EINT29Mask
43e04724 T GPIO_SetEint40
43e04810 T GPIO_EINT40ClrPend
43e0482c T GPIO_EINT40UnMask
43e0484c T GPIO_EINT40Mask
43e04874 T GPIO_SetEint41
43e04960 T GPIO_EINT41ClrPend
43e0497c T GPIO_EINT41UnMask
43e0499c T GPIO_EINT41Mask
43e049c4 T GPIO_SetEint42
43e04ab0 T GPIO_EINT42ClrPend
43e04acc T GPIO_EINT42UnMask
43e04aec T GPIO_EINT42Mask
43e04b14 T GPIO_SetEint43
43e04c00 T GPIO_EINT43ClrPend
43e04c1c T GPIO_EINT43UnMask
43e04c3c T GPIO_EINT43Mask
43e04c64 T EINT_GRPPRI_XA
43e04c8c T EINT_GRPPRI_XB
43e04cac T EINT_PRIORITY_XA
43e04ce0 T EINT_PRIORITY_XB
43e04d0c T Get_EINTSVC_XA
43e04d28 T Get_EINTSVC_XB
43e04d3c T Get_EINTSVCPEND_XA
43e04d58 T Get_EINTSVCPEND_XB
43e04d6c T EINT_GRPFIXPRI_XA
43e04d94 T EINT_GRPFIXPRI_XB
43e04db4 T EINT_FIXPRI_XA
43e04df8 T EINT_FIXPRI_XB
43e04e3c T init_raw_area_table
43e0505c T get_device_type
43e0506c T print_cpuinfo
43e050dc t get_PLLCLK
43e05130 T s5p_clock_init
43e05134 T get_APLL_CLK
43e0513c T get_MPLL_CLK
43e05144 T clear_hsmmc_clock_div
43e05168 T set_hsmmc_pre_ratio
43e051d0 T setup_hsmmc_clock
43e052b0 T setup_hsmmc_cfg_gpio
43e05338 T setup_sdhci0_cfg_card
43e053e0 T cleanup_before_linux
43e05494 T sdelay
43e054a0 T sr32
43e054c0 T wait_on_value
43e054f4 T timer_init
43e05564 T set_timer
43e0557c T reset_timer_masked
43e055a4 T reset_timer
43e055a8 T get_timer_masked
43e055f0 T get_timer
43e05604 T __udelay
43e056a0 T get_ticks
43e056b0 T get_tbclk
43e056b8 t display_banner
43e05710 T __coloured_LED_init
43e05710 W coloured_LED_init
43e05714 T __red_LED_on
43e05714 W red_LED_on
43e05718 T __red_LED_off
43e05718 W red_LED_off
43e0571c T __green_LED_on
43e0571c W green_LED_on
43e05720 T __green_LED_off
43e05720 W green_LED_off
43e05724 T __yellow_LED_on
43e05724 W yellow_LED_on
43e05728 T __yellow_LED_off
43e05728 W yellow_LED_off
43e0572c T __blue_LED_on
43e0572c W blue_LED_on
43e05730 T __blue_LED_off
43e05730 W blue_LED_off
43e05734 T __dram_init_banksize
43e05750 T board_init_r
43e05854 T hang
43e05868 T board_init_f
43e05a64 t announce_and_cleanup
43e05a94 T arch_lmb_reserve
43e05ad8 T do_bootm_linux
43e05fec T flush_cache
43e05ff0 t cp_delay
43e06020 t cache_disable
43e06060 t cache_enable
43e0613c T icache_enable
43e06144 T icache_disable
43e0614c T icache_status
43e06158 T dcache_enable
43e06160 T dcache_disable
43e06168 T dcache_status
43e06174 T interrupt_init
43e06190 T enable_interrupts
43e06194 T disable_interrupts
43e0619c T bad_mode
43e061b8 T show_regs
43e062f8 T do_undefined_instruction
43e0631c T do_software_interrupt
43e06340 T do_prefetch_abort
43e06364 T do_data_abort
43e06388 T do_not_used
43e063ac T do_fiq
43e063d0 T do_irq
43e063f4 T do_reset
43e06420 T do_bdinfo
43e0659c W do_go_exec
43e065b4 T do_go
43e06624 t __fswab32
43e0662c T do_bootd
43e06650 t do_bootm_ose
43e06688 t do_bootm_rtems
43e066c4 t do_bootm_qnxelf
43e06728 t do_bootm_vxworks
43e0678c t do_bootm_netbsd
43e068c4 t image_check_magic.clone.8
43e068e4 t image_info
43e069ac T do_iminfo
43e06a0c t image_get_size.clone.9
43e06a10 t image_get_ep.clone.13
43e06a14 t bootm_load_os.clone.15
43e06b98 t bootm_start
43e06f8c T __arch_preboot_os
43e06f8c W arch_preboot_os
43e06f90 T do_bootm_subcommand
43e0723c T do_bootm
43e076fc t on_off
43e0773c T do_dcache
43e077b0 T do_icache
43e07824 T do_coninfo
43e078dc T do_echo
43e0795c t load_elf_image_shdr
43e07a64 W do_bootelf_exec
43e07aa8 T valid_elf_image
43e07af4 T do_bootvx
43e07d8c T do_bootelf
43e07ef8 T do_exit
43e07f28 T do_ext2load
43e08244 T do_ext2ls
43e0836c T ext_format
43e08470 T do_ext3_format
43e08480 T do_ext2_format
43e08490 t reset_handler
43e084ac t memparse
43e08514 t write_to_ptn_sdmmc
43e08a50 t parse_env.clone.1.clone.3
43e08c64 T LCD_turnon
43e08c68 T LCD_setfgcolor
43e08c6c T LCD_setleftcolor
43e08c70 T LCD_setprogress
43e08c74 T fastboot_flash_add_ptn
43e08cb0 T fastboot_flash_dump_ptn
43e08e1c T fastboot_flash_find_ptn
43e08e90 t rx_handler
43e09904 T fastboot_flash_get_ptn
43e09928 t set_partition_table
43e09df8 T do_fastboot
43e0a474 T fastboot_flash_get_ptn_count
43e0a484 T do_fat_format
43e0a56c T do_fat_fsinfo
43e0a66c T do_fat_ls
43e0a774 T do_fat_fsload
43e0a910 t __fswab32
43e0a918 t fdt_valid
43e0aa08 t print_data
43e0abb8 T set_working_fdt_addr
43e0abfc T do_fdt
43e0b860 T do_help
43e0b8a8 t evalstr
43e0b8c4 t evalexp
43e0b934 T binary_test
43e0bb14 T do_itest
43e0bbac t bin_data_init
43e0bbc8 t bin_data_char
43e0bbe8 t load_serial_ymodem
43e0bce0 t getcxmodem
43e0bd00 t load_serial
43e0bf14 T do_load_serial
43e0bff0 T send_pad
43e0c01c T ktrans
43e0c03c T chk1
43e0c064 T s1_sendpacket
43e0c088 T send_ack
43e0c0e8 T send_nack
43e0c148 T k_data_init
43e0c168 T k_data_save
43e0c18c T k_data_restore
43e0c1b0 T k_data_char
43e0c200 T handle_send_packet
43e0c3c4 T do_load_serial_bin
43e0c81c T do_mem_crc
43e0c8c0 T do_mem_base
43e0c904 T do_mem_mtest
43e0caa8 T do_mem_loop
43e0cba0 T do_mem_cp
43e0cc78 T do_mem_cmp
43e0ce08 T do_mem_mw
43e0cec4 t mod_mem
43e0d010 T do_mem_nm
43e0d034 T do_mem_mm
43e0d058 T do_mem_md
43e0d130 T do_sleep
43e0d1b0 T do_mmcinfo
43e0d384 T do_mmcops
43e0d794 T do_emmc
43e0d884 T calc_unit
43e0d8d8 T encode_chs
43e0d8f4 T encode_partitionInfo
43e0d964 T decode_partitionInfo
43e0d9a4 T get_SDInfo
43e0da94 T make_partitionInfo
43e0dc40 T make_mmc_partition
43e0e044 T get_mmc_block_count
43e0e088 T get_mmc_mbr
43e0e0e8 T put_mmc_mbr
43e0e17c T get_mmc_part_info
43e0e220 T print_mmc_part_info
43e0e3b4 T create_mmc_fdisk
43e0e44c T do_fdisk
43e0e4e4 T do_movi
43e0e99c t mtd_part_info
43e0ea78 t index_partitions
43e0eb6c t memsize_format
43e0ebc0 t current_save
43e0ec98 t part_sort_add
43e0edd4 t part_delall
43e0ee18 t device_del
43e0ee88 t memsize_parse
43e0eef0 t get_mtd_info
43e0ef70 t part_validate_eraseblock
43e0f130 t device_delall.clone.2
43e0f194 t mtd_devices_init
43e0f1b8 t generate_mtdparts_save.clone.1
43e0f488 T mtd_device_validate
43e0f4b8 T device_find
43e0f504 t device_parse
43e0fb64 T mtd_id_parse
43e0fc74 T find_dev_and_part
43e0fe3c T mtdparts_init
43e105c0 T do_mtdparts
43e10cac T do_chpart
43e10d74 T do_ping
43e10df8 t netboot_common
43e11104 T do_nfs
43e11110 T do_tftpb
43e1111c T do_bootp
43e11128 t do_env
43e11188 t do_env_delete
43e111a0 t do_env_import
43e113dc t do_env_default
43e11424 T do_env_save
43e11450 t env_print
43e114cc T do_env_print
43e1154c T get_env_id
43e1155c T _do_env_set
43e118f0 T do_env_set
43e1190c T setenv
43e1195c t do_env_export
43e11b64 T envmatch
43e11bc8 T getenv_f
43e11c80 T getenv
43e11ccc T do_env_edit
43e11d34 T do_reginfo
43e11d3c t __fswab32
43e11d44 T source
43e11e78 T do_source
43e11ee4 T do_false
43e11eec T do_true
43e11ef4 T do_test
43e12374 T usb_get_class_desc
43e12420 T usb_display_class_sub
43e12594 T usb_display_string
43e125d4 T usb_display_desc
43e126fc T usb_display_conf_desc
43e127a8 T usb_display_if_desc
43e12830 T usb_display_ep_desc
43e128ec T usb_display_config
43e12978 T usb_show_tree_graph
43e12b98 T usb_show_tree
43e12bcc T do_usb
43e12da4 T do_usbd_dnw
43e12eb0 T do_version
43e12ed0 T do_imgextract
43e1319c T find_cmd_tbl
43e13238 T find_cmd
43e13264 T cmd_usage
43e132c0 T _do_help
43e13448 T cmd_get_data_size
43e13498 t console_setfile
43e1353c T serial_printf
43e13580 T fgetc
43e135ac T ftstc
43e135d8 T fputc
43e13600 T fputs
43e13628 T fprintf
43e13674 T getc
43e1368c T tstc
43e136a4 T putc
43e136c0 T puts
43e136dc T printf
43e13720 T vprintf
43e13758 T ctrlc
43e137a4 T disable_ctrlc
43e137bc T had_ctrlc
43e137cc T clear_ctrlc
43e137e0 T dbg
43e137ec T search_device
43e13814 T console_assign
43e13854 T console_init_f
43e13864 T stdio_print_current_devices
43e1391c T console_init_r
43e139fc T check_compress_ext4
43e13ae8 T write_compressed_ext4
43e13bbc t malloc_update_mallinfo
43e13c80 T sbrk
43e13cdc T mem_malloc_init
43e13d00 T malloc_trim
43e13dd0 T free
43e13ff0 T cfree
43e13ff4 T malloc
43e145a8 T calloc
43e14688 T memalign
43e14798 T pvalloc
43e147b0 T valloc
43e147bc T realloc
43e14c0c T malloc_usable_size
43e14c4c T malloc_stats
43e14c90 T mallinfo
43e14cc8 T mallopt
43e14d3c t use_default
43e14dcc T env_get_char_spec
43e14dd8 T env_init
43e14df4 T saveenv_movinand
43e14e74 T saveenv
43e14ec8 T env_relocate_spec_movinand
43e14f18 T env_relocate_spec
43e14f74 T env_get_addr
43e14f98 T env_get_char_memory
43e14fa8 T env_get_char
43e14fd8 T set_default_env
43e15070 T env_import
43e15134 T env_relocate
43e15164 t dummy
43e15168 T get_version
43e15170 T jumptable_init
43e152f0 t __fswab32
43e152f8 t of_read_number
43e1533c t get_cells_len
43e15374 t of_bus_default_map
43e15444 t of_dump_addr
43e15494 t of_bus_default_translate
43e154ec t __swab32p.clone.1
43e154f0 t of_bus_default_count_cells
43e15574 T fdt_getprop_u32_default
43e155b0 T fdt_find_and_setprop
43e15620 T fdt_initrd
43e15800 T fdt_chosen
43e15904 T do_fixup_by_path
43e159a8 T do_fixup_by_path_u32
43e159ec T do_fixup_by_prop
43e15ac8 T do_fixup_by_prop_u32
43e15b28 T do_fixup_by_compat
43e15bec T do_fixup_by_compat_u32
43e15c30 T fdt_fixup_memory_banks
43e15e84 T fdt_fixup_memory
43e15ea4 T fdt_fixup_ethernet
43e16020 T fdt_resize
43e16100 T fdt_increase_size
43e16128 T fdt_del_node_and_alias
43e1616c T __of_translate_address
43e164cc T fdt_translate_address
43e164d8 T fdt_node_offset_by_compat_reg
43e16564 T fdt_alloc_phandle
43e165d8 t static_get
43e165f4 t static_peek
43e16600 t file_peek
43e1660c t is_assignment
43e16660 t syntax_err
43e1666c T do_showvar
43e1675c t xmalloc
43e1677c t file_get
43e16924 t free_pipe_list
43e16a00 t xrealloc
43e16a20 t done_command
43e16aa8 t b_addchr
43e16b20 t b_addqchr
43e16b6c t insert_var_value
43e16d14 T simple_itoa
43e16d6c T set_local_var
43e16f24 T unset_local_var
43e16fc4 T new_pipe
43e16fec t done_pipe
43e17034 T reserved_word
43e171e4 t done_word
43e1735c T mapset
43e17380 T update_ifs_map
43e173f0 T parse_string_outer
43e174e0 t run_list_real
43e17cc8 t parse_stream_outer
43e182e8 T parse_file_outer
43e1832c T u_boot_hush_start
43e18380 t __fswab32
43e18388 t fdt_error
43e183b4 t image_get_size.clone.7
43e183b8 t image_get_load.clone.10
43e183bc t image_check_magic.clone.12
43e183dc T image_check_hcrc
43e1842c T image_check_dcrc
43e1846c T image_multi_count
43e1848c T image_multi_getimg
43e18510 T getenv_yesno
43e18538 T getenv_bootm_low
43e18568 T getenv_bootm_size
43e185c4 T memmove_wd
43e185d0 T genimg_print_size
43e18600 T get_table_entry_name
43e1862c T genimg_get_os_name
43e18644 T genimg_get_arch_name
43e1865c T genimg_get_type_name
43e18674 T genimg_get_comp_name
43e1868c T image_print_contents
43e18804 T get_table_entry_id
43e18868 T genimg_get_os_id
43e18880 T genimg_get_arch_id
43e18898 T genimg_get_type_id
43e188b0 T genimg_get_comp_id
43e188c8 T genimg_get_format
43e18900 T genimg_get_image
43e18904 T genimg_has_config
43e1890c T boot_get_ramdisk
43e18bbc T boot_ramdisk_high
43e18d14 T boot_relocate_fdt
43e18e10 T boot_get_fdt
43e190e0 t delete_char
43e191b8 t cread_add_char
43e192a4 T __show_boot_progress
43e192a4 W show_boot_progress
43e192a8 T main_loop
43e193d4 T readline_into_buffer
43e19c28 T readline
43e19c44 T parse_line
43e19cd4 T run_command
43e1a068 T do_run
43e1a0dc T get_ram_size
43e1a1d4 t hex1_bin
43e1a214 t hex2_bin
43e1a248 T srec_decode
43e1a4b8 T __default_serial_console
43e1a4b8 W default_serial_console
43e1a4c4 T serial_register
43e1a4e0 T serial_stdio_init
43e1a570 T serial_assign
43e1a5bc T serial_initialize
43e1a60c T serial_reinit_all
43e1a638 T serial_init
43e1a678 T serial_setbrg
43e1a6b0 T serial_getc
43e1a6f0 T serial_tstc
43e1a730 T serial_putc
43e1a770 T serial_puts
43e1a7b0 T stdio_get_list
43e1a7bc T stdio_get_by_name
43e1a810 T stdio_clone
43e1a858 T stdio_register
43e1a89c T stdio_init
43e1a92c t usb_set_maxpacket_ep.clone.0
43e1a968 T wait_ms
43e1a98c T usb_stop
43e1a9b8 T usb_disable_asynch
43e1a9d0 T usb_submit_int_msg
43e1a9d4 T usb_control_msg
43e1aa8c T usb_bulk_msg
43e1aaf4 T usb_maxpacket
43e1ab18 T usb_set_maxpacket
43e1aba0 T usb_parse_config
43e1ace8 T usb_clear_halt
43e1ad94 T usb_get_descriptor
43e1adf0 T usb_get_configuration_no
43e1ae8c T usb_set_address
43e1aecc T usb_set_interface
43e1af88 T usb_set_configuration
43e1afe8 T usb_set_protocol
43e1b03c T usb_set_idle
43e1b098 T usb_get_report
43e1b0f8 T usb_get_class_descriptor
43e1b158 T usb_get_string
43e1b1cc t usb_string_sub
43e1b2c8 T usb_string
43e1b3c8 T usb_get_dev_index
43e1b3f4 T usb_alloc_new_device
43e1b478 T usb_get_hub_descriptor
43e1b4d0 T usb_clear_hub_feature
43e1b520 T usb_clear_port_feature
43e1b574 T usb_set_port_feature
43e1b5c8 t usb_hub_power_on
43e1b60c T usb_get_hub_status
43e1b65c T usb_get_port_status
43e1b6b4 t hub_port_reset
43e1b754 T usb_hub_reset
43e1b768 T usb_hub_allocate
43e1b7b0 T usb_hub_probe
43e1b80c T usb_new_device
43e1baac T usb_hub_port_connect_change
43e1bb94 T usb_hub_configure
43e1bd98 T usb_scan_devices
43e1be10 T usb_init
43e1be8c t zm_save
43e1bea4 t zm_dprintf
43e1bee0 t zm_dump
43e1bef0 T CYGACC_COMM_IF_GETC_TIMEOUT
43e1bf44 t xyzModem_flush
43e1bf70 t xyzModem_get_hdr
43e1c2b8 T CYGACC_COMM_IF_PUTC
43e1c2c0 T parse_num
43e1c3ec T xyzModem_stream_open
43e1c554 T xyzModem_stream_read
43e1c7f4 T xyzModem_stream_close
43e1c854 T xyzModem_stream_terminate
43e1c924 T xyzModem_error
43e1c944 T get_dev
43e1c99c T dev_print
43e1cbac T init_part
43e1cbc8 T get_partition_info
43e1cbf0 T print_part
43e1ccd8 t le32_to_int
43e1ccfc t is_extended
43e1cd20 t get_partition_info_extended
43e1cf50 t print_partition_extended
43e1d134 T test_part_dos
43e1d188 T print_part_dos
43e1d1b4 T get_partition_info_dos
43e1d1d4 T gpio_cfg_pin
43e1d1f0 T gpio_direction_output
43e1d228 T gpio_direction_input
43e1d230 T gpio_set_value
43e1d250 T gpio_get_value
43e1d268 T gpio_set_pull
43e1d28c T gpio_set_drv
43e1d2ac T gpio_set_rate
43e1d2d4 t __fswab32
43e1d2dc t lldiv
43e1d310 t feedback_delay.clone.1
43e1d440 T __board_mmc_getcd
43e1d440 W board_mmc_getcd
43e1d448 T mmc_send_cmd
43e1d458 T mmc_set_blocklen
43e1d490 T find_mmc_device
43e1d4d8 t mmc_bwrite
43e1d708 t mmc_bread
43e1d90c T mmc_read_block
43e1d970 T mmc_read
43e1da8c T movi_write
43e1da90 T movi_read
43e1da94 T mmc_go_idle
43e1dae8 T sd_send_op_cond
43e1dbf8 T mmc_send_op_cond
43e1dca4 T mmc_send_ext_csd
43e1dcf8 T mmc_switch
43e1dd38 T mmc_change_freq
43e1de0c T sd_switch
43e1de7c T sd_change_freq
43e1e050 T mmc_set_ios
43e1e060 T mmc_set_clock
43e1e08c T mmc_set_bus_width
43e1e0a0 T mmc_startup
43e1e760 T mmc_send_if_cond
43e1e7dc T mmc_register
43e1e840 T mmc_get_dev
43e1e854 T mmc_init
43e1e8d8 W cpu_mmc_init
43e1e8d8 t __def_mmc_init
43e1e8e0 T print_mmc_devices
43e1e944 T mmc_initialize
43e1e9ec T mmc_erase
43e1ed8c T emmc_boot_open
43e1ee10 T emmc_boot_close
43e1ee50 t s3c_hsmmc_send_command
43e1f108 t sdhci_change_clock
43e1f19c t s3c_hsmmc_set_ios
43e1f1f4 t sdhci_reset.clone.2
43e1f250 t s3c_hsmmc_init
43e1f2a0 T smdk_s3c_hsmmc_init
43e1f340 t mshci_clock_onoff.clone.3
43e1f40c t mshci_change_clock
43e1f520 t s5p_mshc_set_ios
43e1f5f0 t mshci_reset_fifo.clone.5
43e1f644 t s5p_mshc_send_command
43e1f9a0 t s5c_mshc_init
43e1fb40 T smdk_s5p_mshc_init
43e1fc00 T add_mtd_device
43e1fc70 T del_mtd_device
43e1fcc0 T get_mtd_device
43e1fd3c T get_mtd_device_nm
43e1fdb0 T put_mtd_device
43e1fddc t s3c_read_cmd
43e1fdf4 t s3c_write_cmd
43e1fe0c t s3c_mem_addr
43e1fe1c t s3c_onenand_reset
43e1fe68 t s3c_onenand_command
43e200bc t s3c_get_bufferram
43e20108 t s3c_onenand_bbt_wait
43e20160 t onenand_write_bufferram
43e20188 t onenand_read_bufferram
43e201b0 t s3c_onenand_wait
43e20264 t s3c_onenand_writew
43e20330 t s3c_onenand_readw
43e20484 t s3c_onenand_check_lock_status.clone.0
43e20508 t s3c_onenand_unlock_all
43e20610 T s3c_onenand_init
43e2072c T s5p_serial0_tstc
43e20740 T s5p_serial1_tstc
43e20754 T s5p_serial2_tstc
43e20768 T s5p_serial3_tstc
43e2077c T serial_setbrg_dev
43e207d0 T s5p_serial3_setbrg
43e207d8 T s5p_serial2_setbrg
43e207e0 T s5p_serial1_setbrg
43e207e8 T s5p_serial0_setbrg
43e207f0 T serial_init_dev
43e20830 T s5p_serial3_init
43e20838 T s5p_serial2_init
43e20840 T s5p_serial1_init
43e20848 T s5p_serial0_init
43e20850 T serial_getc_dev
43e2088c T s5p_serial3_getc
43e20894 T s5p_serial2_getc
43e2089c T s5p_serial1_getc
43e208a4 T s5p_serial0_getc
43e208ac T serial_putc_dev
43e208f4 T s5p_serial3_putc
43e208fc T s5p_serial2_putc
43e20904 T s5p_serial1_putc
43e2090c T s5p_serial0_putc
43e20914 T serial_tstc_dev
43e20928 T serial_puts_dev
43e20950 T s5p_serial3_puts
43e20958 T s5p_serial2_puts
43e20960 T s5p_serial1_puts
43e20968 T s5p_serial0_puts
43e20970 T fboot_usb_set_descriptors
43e20ac8 T fastboot_fifo_size
43e20ae4 T fastboot_getvar
43e20aec T s3c_usb_init_phy
43e20b38 T s3c_usb_phy_off
43e20b64 T s3c_usb_core_soft_reset
43e20b84 T fastboot_shutdown
43e20b94 T s3c_usb_wait_cable_insert
43e20be4 T s3c_usb_init_core
43e20c00 T s3c_usb_check_current_mode
43e20c18 T s3c_usb_set_soft_disconnect
43e20c30 T s3c_usb_clear_soft_disconnect
43e20c48 T s3c_usb_init_device
43e20c74 T s3c_usbctl_init
43e20d00 T fboot_usbctl_init
43e20d20 T fastboot_init
43e20df8 T s3c_usbc_activate
43e20e00 T s3c_usb_stop
43e20e14 T s3c_usb_print_pkt
43e20e60 T s3c_usb_verify_checksum
43e20f00 T s3c_usb_set_inep_xfersize
43e20f34 T s3c_usb_set_outep_xfersize
43e20f68 T s3c_usb_write_ep0_fifo
43e20fb4 T s3c_usb_write_in_fifo
43e21000 T fboot_usb_int_bulkin
43e2108c T s3c_usb_read_out_fifo
43e210d4 T fboot_usb_int_bulkout
43e2115c T s3c_usb_get_desc
43e21280 T s3c_usb_clear_feature
43e212f0 T s3c_usb_set_feature
43e2144c T s3c_usb_get_status
43e214c4 T s3c_usb_ep0_int_hndlr
43e2161c T s3c_usb_set_otherspeed_conf_desc
43e216a0 T s3c_usb_transfer_ep0
43e21bcc T s3c_usb_int_bulkin
43e21cac T s3c_usb_upload_start
43e21e0c T s3c_usb_download_start
43e21f2c T s3c_usb_download_continue
43e21fd8 T s3c_usb_int_bulkout
43e22000 T s3c_usb_dma_in_done
43e220a0 T s3c_usb_dma_out_done
43e2214c T s3c_usb_set_all_outep_nak
43e22174 T s3c_usb_clear_all_outep_nak
43e2219c T s3c_usb_set_max_pktsize
43e221d4 T s3c_usb_set_endpoint
43e22204 T s3c_usb_set_descriptors
43e22358 T s3c_usb_check_speed
43e22370 T s3c_usb_clear_dnfile_info
43e2238c T s3c_usb_clear_upfile_info
43e223a8 T s3c_usb_check_setconf
43e223c0 T s3c_usb_set_opmode
43e22430 T s3c_usb_reset
43e22490 T s3c_usb_set_init
43e2250c T s3c_usb_pkt_receive
43e22594 T s3c_usb_transfer
43e22698 T s3c_udc_int_hndlr
43e22754 T fboot_usb_int_hndlr
43e22758 T fastboot_poll
43e227b0 T fastboot_tx_status
43e227fc t td_alloc
43e2283c t urb_free_priv.clone.4
43e22878 t td_fill.clone.0.clone.5
43e22920 T sohci_submit_job
43e22e3c T rh_check_port_status
43e22e44 T submit_common_msg
43e22e4c T submit_bulk_msg
43e22e54 T submit_control_msg
43e22e5c T submit_int_msg
43e22e64 T usb_lowlevel_init
43e22e6c T usb_lowlevel_stop
43e22e74 t ext2fs_read_inode
43e22f78 T ext2fs_free_node
43e22f98 T ext2fs_read_file
43e23458 t ext2fs_iterate_dir
43e236f8 T ext2fs_find_file1
43e23994 T ext2fs_find_file
43e23a0c T ext2fs_ls
43e23a80 T ext2fs_open
43e23b14 T ext2fs_close
43e23bc8 T ext2fs_read
43e23bf8 T ext2fs_mount
43e23ca4 T get_random_val
43e23cc0 T default_journal_size
43e23d04 T ext2fs_format
43e2602c T ext2fs_set_blk_dev
43e26080 T ext2fs_devread
43e26270 t downcase
43e26298 t disk_read
43e262ec t setstr
43e26314 t dirdelim
43e26348 t compare_sign
43e26378 t slot2str
43e26448 t mkcksum
43e26478 t get_fatent
43e26618 t read_bootsectandvi
43e26718 t get_cluster
43e267d0 t get_vfatname
43e269ac t get_name
43e26a64 T fat_register_device
43e26b9c T fat_format_device
43e271bc T do_fat_read
43e27e44 T file_fat_detectfs
43e27f90 T file_fat_ls
43e27fa0 T file_fat_read
43e27fd8 T file_getfsname
43e27ff0 T file_cd
43e281e0 T file_detectfs
43e28220 T file_ls
43e282a8 T file_read
43e28340 t __fswab32
43e28348 T fdt_check_header
43e283c4 T fdt_offset_ptr
43e28428 T fdt_next_tag
43e28524 T _fdt_check_node_offset
43e28558 T fdt_next_node
43e28614 T _fdt_find_string
43e2866c T fdt_move
43e286b8 t __fswab32
43e286c0 t _fdt_offset_ptr
43e286e0 t _fdt_mem_rsv
43e28700 t __fswab64
43e2872c T fdt_string
43e2874c T fdt_get_mem_rsv
43e287a4 T fdt_num_mem_rsv
43e287dc T fdt_subnode_offset_namelen
43e288ac T fdt_subnode_offset
43e288dc T fdt_get_name
43e28948 T fdt_get_property_namelen
43e28a54 T fdt_get_property
43e28a8c T fdt_getprop_namelen
43e28aa8 T fdt_getprop
43e28ae0 T fdt_get_phandle
43e28b18 T fdt_get_alias_namelen
43e28b5c T fdt_path_offset
43e28c3c T fdt_get_alias
43e28c64 T fdt_get_path
43e28d9c T fdt_supernode_atdepth_offset
43e28e50 T fdt_node_depth
43e28e74 T fdt_parent_offset
43e28ea4 T fdt_node_offset_by_prop_value
43e28f44 T fdt_node_offset_by_phandle
43e28f90 T fdt_node_check_compatible
43e2901c T fdt_node_offset_by_compatible
43e29094 t __fswab32
43e2909c t _fdt_blocks_misordered
43e29128 t fdt_set_off_dt_struct
43e29140 t fdt_set_size_dt_struct
43e29158 t fdt_set_off_dt_strings
43e29170 t fdt_set_size_dt_strings
43e29188 t _fdt_data_size
43e291ac t fdt_set_totalsize
43e291c4 t _fdt_offset_ptr_w
43e291e4 t _fdt_mem_rsv_w
43e29204 t __fswab64
43e29230 t _fdt_packblocks
43e292e4 t _fdt_splice
43e2935c t _fdt_splice_struct
43e293ac t _fdt_splice_mem_rsv
43e29408 t fdt_set_version.clone.0
43e29414 t _fdt_rw_check_header
43e2947c T fdt_add_mem_rsv
43e294f4 T fdt_del_mem_rsv
43e2954c T fdt_set_name
43e295d4 T fdt_setprop
43e297a4 T fdt_delprop
43e29808 T fdt_add_subnode_namelen
43e29900 T fdt_add_subnode
43e29930 T fdt_del_node
43e2998c T fdt_open_into
43e29b3c T fdt_pack
43e29b98 T fdt_strerror
43e29be8 t __fswab32
43e29bf0 t _fdt_sw_check_header
43e29c14 t fdt_set_off_dt_strings
43e29c2c t _fdt_offset_ptr_w
43e29c4c t _fdt_grab_space
43e29cc0 t fdt_set_totalsize
43e29cd8 t fdt_set_magic
43e29cf0 t __fswab64
43e29d1c t fdt_set_off_dt_struct
43e29d34 T fdt_create
43e29db0 T fdt_add_reservemap_entry
43e29e38 T fdt_finish_reservemap
43e29e50 T fdt_begin_node
43e29eb8 T fdt_end_node
43e29ef0 T fdt_property
43e2a01c T fdt_finish
43e2a13c T fdt_setprop_inplace
43e2a17c T fdt_nop_property
43e2a1b8 T _fdt_node_end_offset
43e2a1f8 T fdt_nop_node
43e2a248 T cyg_crc16
43e2a28c T crc32_no_comp
43e2a374 T crc32
43e2a388 T crc32_wd
43e2a38c T display_options
43e2a3ac T print_size
43e2a48c T print_buffer
43e2a5f4 T __div64_32
43e2a6f8 T zfree
43e2a700 T zalloc
43e2a710 T zunzip
43e2a7f8 T gunzip
43e2a8a4 t cmpkey
43e2a8b8 T hcreate_r
43e2a964 T hcreate
43e2a970 T hdestroy_r
43e2a9e4 T hdestroy
43e2a9f0 T hsearch_r
43e2aca8 T hsearch
43e2acd8 T hdelete_r
43e2ad84 T hdelete
43e2ad90 T hexport_r
43e2b040 T hexport
43e2b068 T himport_r
43e2b348 T himport
43e2b378 t lmb_add_region
43e2b530 T lmb_dump_all
43e2b628 T lmb_init
43e2b650 T lmb_add
43e2b654 T lmb_free
43e2b77c T lmb_reserve
43e2b784 T lmb_overlaps_region
43e2b7d8 T __lmb_alloc_base
43e2b908 T lmb_alloc_base
43e2b93c T lmb_alloc
43e2b944 T lmb_is_reserved
43e2b9a4 T __board_lmb_reserve
43e2b9a4 W board_lmb_reserve
43e2b9a8 T __arch_lmb_reserve
43e2b9ac T ldiv
43e2b9fc T string_to_ip
43e2ba64 T qsort
43e2bb50 T strcpy
43e2bb6c T strncpy
43e2bb94 T strcat
43e2bbc4 T strncat
43e2bc14 T strcmp
43e2bc44 T strncmp
43e2bc8c T strchr
43e2bcc0 T strlen
43e2bcdc T strrchr
43e2bd18 T strnlen
43e2bd40 T strdup
43e2bd74 T strspn
43e2bdb4 T strpbrk
43e2bdf0 T strtok
43e2be6c T strsep
43e2bea0 T strswab
43e2beec T memset
43e2bf54 T bcopy
43e2bf7c T memcpy
43e2bfe8 T memmove
43e2c038 T memcmp
43e2c070 T memscan
43e2c098 T strstr
43e2c0f8 T memchr
43e2c12c T strmhz
43e2c198 T udelay
43e2c1c8 t pack_hex_byte
43e2c1f0 t put_dec_trunc
43e2c2b8 t string
43e2c348 t put_dec
43e2c464 t number
43e2c670 T simple_strtoul
43e2c71c T simple_strtol
43e2c744 T ustrtoul
43e2c7b8 T simple_strtoull
43e2c88c T vsprintf
43e2cec4 T sprintf
43e2cee8 T panic
43e2cf34 T zcfree
43e2cf3c T zcalloc
43e2cf44 T inflate_fast
43e2d530 T inflate_table
43e2da9c T inflateReset
43e2db44 T inflateInit2_
43e2dc6c T inflateInit_
43e2dc80 T inflateEnd
43e2dd10 T z_error
43e2dd28 T adler32
43e2e010 T inflate
43e2f884 t __fswab32
43e2f88c t NetCopyIP
43e2f894 t BootpHandler
43e2fdb4 t NetWriteIP.clone.0
43e2fdd0 T BootpRequest
43e2ffc8 t BootpTimeout
43e3000c t is_valid_ether_addr
43e30054 W cpu_eth_init
43e30054 t __def_eth_init
43e3005c T eth_parse_enetaddr
43e300b8 T eth_getenv_enetaddr
43e300d8 T eth_setenv_enetaddr
43e30110 T eth_getenv_enetaddr_by_index
43e30158 T eth_get_dev
43e30168 T eth_get_dev_by_name
43e301bc T eth_get_dev_by_index
43e30208 T eth_get_dev_index
43e30258 T eth_register
43e302e4 T eth_initialize
43e305a0 T eth_halt
43e305d0 T eth_send
43e30608 T eth_rx
43e30634 T eth_try_another
43e306e4 T eth_init
43e307c8 T eth_set_current
43e30868 T eth_get_name
43e30888 t startAgainTimeout
43e3089c t startAgainHandler
43e308a0 t NetCopyIP
43e308a8 t NetReadIP
43e308c4 t PingHandler
43e308ec t PingTimeout
43e30908 t getenv_IPaddr
43e30918 T NetSetHandler
43e30928 T NetSetTimeout
43e30958 T NetStartAgain
43e30a60 T NetSendPacket
43e30a64 T NetCksum
43e30a98 T NetCksumOk
43e30ab8 T NetEthHdrSize
43e30af4 T NetSetEther
43e30b94 T NetReceive
43e31120 T ArpRequest
43e3122c T ArpTimeoutCheck
43e3129c T PingSend
43e313e4 T NetSetIP
43e314dc T NetSendUDPPacket
43e31640 T copy_filename
43e31684 T random_port
43e316a0 T ip_to_string
43e316d4 T VLAN_to_string
43e31720 T string_to_VLAN
43e3176c T getenv_VLAN
43e3177c T NetLoop
43e31b48 t __fswab32
43e31b50 t basename
43e31b90 t rpc_add_credentials
43e31c64 t rpc_lookup_reply
43e31d18 t rpc_req
43e31e14 t rpc_lookup_req
43e31e74 t nfs_mount_req
43e31f08 t nfs_umountall_req
43e31f60 t nfs_lookup_req
43e32008 t nfs_read_req
43e32088 t nfs_readlink_req
43e320e0 t NfsSend
43e321a4 t NfsTimeout
43e321fc t NfsHandler
43e32784 T NfsStart
43e329c4 t TftpSend
43e32b70 t TftpTimeout
43e32bd4 t TftpHandler
43e32f00 T TftpStart
43e331f4 T raise
43e331fc T __aeabi_unwind_cpp_pr0
43e33200 T __udivsi3
43e33200 t .udivsi3_skip_div0_test
43e33200 t __aeabi_uidiv
43e333ec t __aeabi_uidivmod
43e3340c T __divsi3
43e3340c t __aeabi_idiv
43e33414 t .divsi3_skip_div0_test
43e3362c t __aeabi_idivmod
43e3364c T __lshrdi3
43e3364c t __aeabi_llsr
43e33668 T __ashrdi3
43e33668 t __aeabi_lasr
43e33684 T __ashldi3
43e33684 t __aeabi_llsl
43e336a0 t __aeabi_uldivmod
43e336dc t __aeabi_idiv0
43e336dc t __aeabi_ldiv0
43e336ec T __gnu_ldivmod_helper
43e33728 t __gnu_uldivmod_helper
43e33764 t __divdi3
43e33be4 t __udivdi3
43e33ff0 r __FUNCTION__.2497
43e34008 R version_string
43e34054 r __FUNCTION__.2985
43e3406c r __FUNCTION__.2992
43e3407c r __FUNCTION__.3038
43e3408c r __func__.2495
43e340a0 r C.0.3598
43e34120 r boot_os
43e3417c r __FUNCTION__.3604
43e34190 r __FUNCTION__.3629
43e3419c r __func__.2844
43e341ac r __func__.2810
43e341bc r CSWTCH.15
43e34214 r __func__.2635
43e34224 r __func__.2642
43e34230 r __FUNCTION__.3322
43e34258 r __FUNCTION__.3464
43e34270 r __FUNCTION__.3050
43e34284 r CSWTCH.22
43e342a4 r block_drvr
43e342b4 r __func__.3187
43e342c8 r udivslot
43e34308 R config_full
43e34314 R config_full_total
43e34334 R fboot_string_desc3
43e34350 R fboot_string_desc2
43e34368 R fboot_string_desc1
43e34380 R dnw_string_desc2
43e343ac R dnw_string_desc1
43e343c4 R string_desc0
43e343c8 R qualifier_desc
43e343d4 R config_high
43e343e0 R config_high_total
43e34400 R fboot_qualifier_desc
43e3440c r filesystems
43e34424 r fdt_errtable
43e34458 r crc16_tab
43e34658 r crc_table
43e34a58 r names.2591
43e34a60 R hex_asc
43e34a74 r digits.2577
43e34a84 r lext.2882
43e34ac4 r lbase.2881
43e34b04 r dext.2884
43e34b44 r dbase.2883
43e34b84 r lenfix
43e35384 r distfix
43e35404 r order.2977
43e3542c R z_errmsg
43e35464 r __func__.2696
43e35478 r __func__.2681
43e35480 r __func__.2743
43e3548c r __func__.2705
43e3549c r __func__.2711
43e354b0 r __func__.2717
43e354c4 r __func__.2724
43e354d8 r __func__.2732
43e354e8 r __func__.2755
43e40928 D second_boot_info
43e4092c D s5p_cpu_id
43e40930 D init_sequence
43e40950 D nr_dram_banks
43e40954 D load_addr
43e40958 d cmd_bootm_sub
43e40a18 d interface
43e40a34 d static_pcount
43e40a38 d root.2926
43e40a3c d tabs.3008
43e40a60 D op_table
43e40ac8 d do_echo
43e40acc D dp_last_length
43e40ad0 d cmd_env_sub
43e40ba8 d env_id
43e40bac d av_
43e40fb4 d sbrk_base
43e40fb8 d trim_threshold
43e40fbc d mmap_threshold
43e40fc0 D env_name_spec
43e40fc4 D default_environment
43e410dc D default_environment_size
43e410e0 d of_busses
43e410f4 d reserved_list
43e41178 d uimage_os
43e411e4 d uimage_arch
43e412c8 d uimage_type
43e41358 d uimage_comp
43e413a0 d erase_seq
43e413a4 d tab_seq
43e413b0 d hist_cur
43e413b4 D stdio_names
43e413c0 d zm_out
43e413c4 d cur_dev_num
43e413c8 D fbase
43e413d8 D multipliers
43e41418 D s5p_serial0_device
43e41450 D s5p_serial1_device
43e41488 D s5p_serial2_device
43e414c0 D s5p_serial3_device
43e414f8 D test_pkt
43e41530 D ptable_default
43e41648 D ptable_default_size
43e41650 D indir1_blkno
43e41654 D indir2_blkno
43e41658 d cur_part
43e4165c D file_cwd
43e4185c d current_filesystem
43e41860 D _ctype
43e41960 D NetOurVLAN
43e41962 D NetOurNativeVLAN
43e41964 D NetBcastAddr
43e4196c d nfs_offset
43e41970 d TftpTimeoutMSecs
43e41974 d TftpBlkSizeOption
43e41978 d TftpTimeoutCountMax
43e4197c d TftpBlkSize
43e41980 D TftpRRQTimeoutCountMax
43e41984 D TftpRRQTimeoutMSecs
43e41994 A __u_boot_cmd_start
43e41994 D __u_boot_cmd_bdinfo
43e419ac D __u_boot_cmd_go
43e419c4 D __u_boot_cmd_reset
43e419dc D __u_boot_cmd_bootm
43e419f4 D __u_boot_cmd_boot
43e41a0c D __u_boot_cmd_bootd
43e41a24 D __u_boot_cmd_iminfo
43e41a3c D __u_boot_cmd_icache
43e41a54 D __u_boot_cmd_dcache
43e41a6c D __u_boot_cmd_coninfo
43e41a84 D __u_boot_cmd_echo
43e41a9c D __u_boot_cmd_bootelf
43e41ab4 D __u_boot_cmd_bootvx
43e41acc D __u_boot_cmd_exit
43e41ae4 D __u_boot_cmd_ext2ls
43e41afc D __u_boot_cmd_ext2load
43e41b14 D __u_boot_cmd_ext2format
43e41b2c D __u_boot_cmd_ext3format
43e41b44 D __u_boot_cmd_fastboot
43e41b5c D __u_boot_cmd_fatload
43e41b74 D __u_boot_cmd_fatls
43e41b8c D __u_boot_cmd_fatinfo
43e41ba4 D __u_boot_cmd_fatformat
43e41bbc D __u_boot_cmd_fdt
43e41bd4 D __u_boot_cmd_help
43e41bec D __u_boot_cmd_question_mark
43e41c04 D __u_boot_cmd_itest
43e41c1c D __u_boot_cmd_loads
43e41c34 D __u_boot_cmd_loadb
43e41c4c D __u_boot_cmd_loady
43e41c64 D __u_boot_cmd_md
43e41c7c D __u_boot_cmd_mm
43e41c94 D __u_boot_cmd_nm
43e41cac D __u_boot_cmd_mw
43e41cc4 D __u_boot_cmd_cp
43e41cdc D __u_boot_cmd_cmp
43e41cf4 D __u_boot_cmd_crc32
43e41d0c D __u_boot_cmd_base
43e41d24 D __u_boot_cmd_loop
43e41d3c D __u_boot_cmd_mtest
43e41d54 D __u_boot_cmd_sleep
43e41d6c D __u_boot_cmd_mmcinfo
43e41d84 D __u_boot_cmd_emmc
43e41d9c D __u_boot_cmd_mmc
43e41db4 D __u_boot_cmd_fdisk
43e41dcc D __u_boot_cmd_movi
43e41de4 D __u_boot_cmd_chpart
43e41dfc D __u_boot_cmd_mtdparts
43e41e14 D __u_boot_cmd_bootp
43e41e2c D __u_boot_cmd_tftpboot
43e41e44 D __u_boot_cmd_nfs
43e41e5c D __u_boot_cmd_ping
43e41e74 D __u_boot_cmd_saveenv
43e41e8c D __u_boot_cmd_env
43e41ea4 D __u_boot_cmd_editenv
43e41ebc D __u_boot_cmd_printenv
43e41ed4 D __u_boot_cmd_setenv
43e41eec D __u_boot_cmd_run
43e41f04 D __u_boot_cmd_reginfo
43e41f1c D __u_boot_cmd_source
43e41f34 D __u_boot_cmd_test
43e41f4c D __u_boot_cmd_false
43e41f64 D __u_boot_cmd_true
43e41f7c D __u_boot_cmd_usb
43e41f94 D __u_boot_cmd_dnw
43e41fac D __u_boot_cmd_version
43e41fc4 D __u_boot_cmd_imxtract
43e41fdc D __u_boot_cmd_showvar
43e41ff4 A __u_boot_cmd_end
43e41ff4 B OmPin
43e41ff4 B __bss_start
43e41ff4 R __rel_dyn_start
43e41ff8 b GPIO_pBase
43e41ffc B g_IntCnt
43e42000 B raw_area_control
43e421fc B get_uart_clk
43e42200 B get_pwm_clk
43e42204 B get_arm_clk
43e42208 B get_pll_clk
43e42210 b count_value
43e42214 b lastdec
43e42218 b timestamp
43e42220 B monitor_flash_len
43e42224 b params
43e42228 b images
43e42358 b download_size
43e4235c b download_bytes
43e42360 b download_error
43e42364 b pcount
43e42368 b ptable
43e425e8 b gflag_reboot
43e425f0 B working_fdt
43e425f4 b data.2919
43e429f4 b os_data_state
43e429f8 b os_data_addr
43e429fc b bin_start_address
43e42a00 B his_pad_count
43e42a04 B his_pad_char
43e42a08 b a_b
43e42a20 B his_eol
43e42a24 b k_data_escape
43e42a28 B os_data_init
43e42a2c b k_data_escape_saved
43e42a30 b os_data_state_saved
43e42a34 b os_data_addr_saved
43e42a38 B os_data_char
43e42a3c B his_quote
43e42a40 B send_ptr
43e42a44 B send_parms
43e42a58 b base_address
43e42a5c B mm_last_addr
43e42a60 B mm_last_size
43e42a64 B dp_last_addr
43e42a68 B dp_last_size
43e42a6c B current_mtd_dev
43e42a70 B devices
43e42a78 B current_mtd_partnum
43e42a7c b last_partition
43e42a8c b last_parts
43e42c8c B mtdids
43e42c94 b initialized.3316
43e42c98 b last_ids
43e42d18 b ctrlc_disabled
43e42d1c b ctrlc_was_pressed
43e42d20 b current_mallinfo
43e42d48 B mem_malloc_brk
43e42d4c B mem_malloc_start
43e42d50 B mem_malloc_end
43e42d54 b top_pad
43e42d58 b max_sbrked_mem
43e42d5c b max_total_mem
43e42d60 b n_mmaps_max
43e42d64 B env_ptr
43e42d68 b top_vars
43e42d6c b flag_repeat
43e42d70 b do_repeat
43e42d74 b the_command.2752
43e42e74 b buf.2956
43e42e9c B last_return_code
43e42ea0 b local.2736
43e42eb8 b map
43e42fb8 b ifs
43e42fbc B nesting_level
43e42fc0 b initted.2743
43e42fc4 b hist_max
43e42fc8 b hist_add_idx
43e42fcc B hist_num
43e42fd0 B hist_lines
43e443e4 B hist_list
43e44434 B console_buffer
43e44538 b serial_devices
43e4453c b serial_current
43e44540 b devs
43e4457c B stdio_devices
43e44588 B usb_started
43e4458c b asynch_allowed
43e44590 b usb_hub_index
43e44594 b setup_packet
43e4459c b usb_dev
43e49394 R __dynsym_start
43e49394 R __rel_dyn_end
43e4ee9c b dev_index
43e4eea0 b hub_dev
43e4efa0 b running
43e4efa4 b zm_bp
43e4efa8 b xyz
43e4f3e4 b zm_buf
43e4fbe8 b mmc_devices
43e4fbf0 B mmc_channel
43e50168 B mmc_host
43e50280 b idmac_desc
43f50280 B mshc_channel
43f507f8 B mshc_host
43f50910 B mtd_table
43f50990 b onenand
43f50994 B otg
43f50a18 B speed
43f50a1c B is_fastboot
43f50a20 b device_strings
43f50a38 b serial_number.2936
43f50a58 b fastboot_interface
43f50a5c B fboot_response_flag
43f50a60 B reply_msg
43f50a64 b fastboot_bulk_fifo
43f50c68 B remode_wakeup
43f50c6c B get_status
43f50c72 B config_value
43f50c74 B get_intf
43f50c78 B s3c_usbd_dn_addr
43f50c7c B s3c_usbd_dn_cnt
43f50c80 B s3c_receive_done
43f50c84 B op_mode
43f50c88 B transfer_size
43f50c8c B s3c_got_header
43f50c90 B DNW
43f50d00 B ptd
43f50d04 B urb_priv
43f50dd8 b gohci
43f50ea0 B ohci_dev
43f51040 B gtd
43f52100 B ghcca
43f52200 B phcca
43f52204 B got_rhsc
43f52208 B devgone
43f52300 B ext2fs_root
43f52304 B indir1_block
43f52308 B indir1_size
43f5230c B indir2_block
43f52310 B indir2_size
43f52314 B symlinknest
43f52318 B ext2fs_file
43f5231c b ext2fs_block_dev_desc
43f52320 b part_info
43f5236c b cur_dev
43f52370 b part_offset
43f52374 B get_vfatname_block
43f62374 B do_fat_read_block
43f72374 B get_dentfromdir_block
43f82374 B errno
43f82378 b htab
43f82384 B ___strtok
43f82388 B z_verbose
43f8238c B BootpID
43f82390 B BootpTry
43f82394 b eth_current
43f82398 b eth_devices
43f8239c b first_failed.2631
43f823a0 b act.2637
43f823a4 b env_changed_id.2638
43f823a8 B NetState
43f823ac B NetPingIP
43f823b0 b packetHandler
43f823b4 b timeHandler
43f823b8 b timeStart
43f823bc b timeDelta
43f823c0 b NetTryCount
43f823c4 b NetRestarted
43f823c8 B NetRestartWrap
43f823cc b NetDevExists
43f823d0 B NetOurEther
43f823d8 B NetRxPacket
43f823dc B NetRxPacketLen
43f823e0 B NetOurIP
43f823e4 B NetArpWaitPacketIP
43f823e8 B NetArpWaitPacketMAC
43f823ec B NetArpWaitReplyIP
43f823f0 B NetArpWaitTxPacket
43f823f4 B NetArpWaitTxPacketSize
43f823f8 B NetArpWaitTry
43f823fc B NetTxPacket
43f82400 B NetOurSubnetMask
43f82404 B NetOurGatewayIP
43f82408 B NetArpWaitTimerStart
43f8240c b mac.2662
43f82414 B NetEtherNullAddr
43f8241c B NetIPID
43f82420 b PingSeqNo
43f82424 B PktBuf
43f84244 B NetRxPackets
43f84254 B NetArpWaitPacketBuf
43f84874 b env_changed_id.2596
43f84878 B NetServerIP
43f8487c B NetBootFileXferSize
43f84880 B NetOurDNSIP
43f84884 B NetOurNISDomain
43f848a4 B NetOurHostName
43f848c4 B NetOurRootPath
43f84904 B NetBootFileSize
43f84908 B NetServerEther
43f84910 B BootFile
43f84990 b rpc_id
43f84994 b NfsSrvMountPort
43f84998 b NfsSrvNfsPort
43f8499c b NfsServerIP
43f849a0 b NfsOurPort
43f849a4 b fs_mounted
43f849a8 b dirfh
43f849c8 b filefh
43f849e8 b NfsState
43f849ec b nfs_path
43f849f0 b nfs_filename
43f849f4 b nfs_len
43f849f8 b NfsTimeoutCount
43f849fc b NfsDownloadState
43f84a00 b nfs_path_buff
43f85200 b default_filename
43f85240 b TftpState
43f85244 b tftp_filename
43f852c4 b TftpBlock
43f852c8 b TftpServerIP
43f852cc b TftpServerPort
43f852d0 b TftpOurPort
43f852d4 b TftpTimeoutCount
43f852d8 b TftpBlockWrap
43f852dc b TftpBlockWrapOffset
43f852e0 b TftpLastBlock
43f852e4 b default_filename
43f852f4 B _end
